Archive member included to satisfy reference by file (symbol)

C:/ST/STM32CubeIDE_1.16.1/STM32CubeIDE/plugins/com.st.stm32cube.ide.mcu.externaltools.gnu-tools-for-stm32.12.3.rel1.win32_1.0.200.202406191623/tools/bin/../lib/gcc/arm-none-eabi/12.3.1/../../../../arm-none-eabi/lib/thumb/v7e-m+fp/hard\libc_nano.a(libc_a-exit.o)
                              C:/ST/STM32CubeIDE_1.16.1/STM32CubeIDE/plugins/com.st.stm32cube.ide.mcu.externaltools.gnu-tools-for-stm32.12.3.rel1.win32_1.0.200.202406191623/tools/bin/../lib/gcc/arm-none-eabi/12.3.1/../../../../arm-none-eabi/lib/thumb/v7e-m+fp/hard/crt0.o (exit)
C:/ST/STM32CubeIDE_1.16.1/STM32CubeIDE/plugins/com.st.stm32cube.ide.mcu.externaltools.gnu-tools-for-stm32.12.3.rel1.win32_1.0.200.202406191623/tools/bin/../lib/gcc/arm-none-eabi/12.3.1/../../../../arm-none-eabi/lib/thumb/v7e-m+fp/hard\libc_nano.a(libc_a-findfp.o)
                              C:/ST/STM32CubeIDE_1.16.1/STM32CubeIDE/plugins/com.st.stm32cube.ide.mcu.externaltools.gnu-tools-for-stm32.12.3.rel1.win32_1.0.200.202406191623/tools/bin/../lib/gcc/arm-none-eabi/12.3.1/../../../../arm-none-eabi/lib/thumb/v7e-m+fp/hard\libc_nano.a(libc_a-exit.o) (__stdio_exit_handler)
C:/ST/STM32CubeIDE_1.16.1/STM32CubeIDE/plugins/com.st.stm32cube.ide.mcu.externaltools.gnu-tools-for-stm32.12.3.rel1.win32_1.0.200.202406191623/tools/bin/../lib/gcc/arm-none-eabi/12.3.1/../../../../arm-none-eabi/lib/thumb/v7e-m+fp/hard\libc_nano.a(libc_a-fwalk.o)
                              C:/ST/STM32CubeIDE_1.16.1/STM32CubeIDE/plugins/com.st.stm32cube.ide.mcu.externaltools.gnu-tools-for-stm32.12.3.rel1.win32_1.0.200.202406191623/tools/bin/../lib/gcc/arm-none-eabi/12.3.1/../../../../arm-none-eabi/lib/thumb/v7e-m+fp/hard\libc_nano.a(libc_a-findfp.o) (_fwalk_sglue)
C:/ST/STM32CubeIDE_1.16.1/STM32CubeIDE/plugins/com.st.stm32cube.ide.mcu.externaltools.gnu-tools-for-stm32.12.3.rel1.win32_1.0.200.202406191623/tools/bin/../lib/gcc/arm-none-eabi/12.3.1/../../../../arm-none-eabi/lib/thumb/v7e-m+fp/hard\libc_nano.a(libc_a-stdio.o)
                              C:/ST/STM32CubeIDE_1.16.1/STM32CubeIDE/plugins/com.st.stm32cube.ide.mcu.externaltools.gnu-tools-for-stm32.12.3.rel1.win32_1.0.200.202406191623/tools/bin/../lib/gcc/arm-none-eabi/12.3.1/../../../../arm-none-eabi/lib/thumb/v7e-m+fp/hard\libc_nano.a(libc_a-findfp.o) (__sread)
C:/ST/STM32CubeIDE_1.16.1/STM32CubeIDE/plugins/com.st.stm32cube.ide.mcu.externaltools.gnu-tools-for-stm32.12.3.rel1.win32_1.0.200.202406191623/tools/bin/../lib/gcc/arm-none-eabi/12.3.1/../../../../arm-none-eabi/lib/thumb/v7e-m+fp/hard\libc_nano.a(libc_a-memset.o)
                              C:/ST/STM32CubeIDE_1.16.1/STM32CubeIDE/plugins/com.st.stm32cube.ide.mcu.externaltools.gnu-tools-for-stm32.12.3.rel1.win32_1.0.200.202406191623/tools/bin/../lib/gcc/arm-none-eabi/12.3.1/../../../../arm-none-eabi/lib/thumb/v7e-m+fp/hard/crt0.o (memset)
C:/ST/STM32CubeIDE_1.16.1/STM32CubeIDE/plugins/com.st.stm32cube.ide.mcu.externaltools.gnu-tools-for-stm32.12.3.rel1.win32_1.0.200.202406191623/tools/bin/../lib/gcc/arm-none-eabi/12.3.1/../../../../arm-none-eabi/lib/thumb/v7e-m+fp/hard\libc_nano.a(libc_a-closer.o)
                              C:/ST/STM32CubeIDE_1.16.1/STM32CubeIDE/plugins/com.st.stm32cube.ide.mcu.externaltools.gnu-tools-for-stm32.12.3.rel1.win32_1.0.200.202406191623/tools/bin/../lib/gcc/arm-none-eabi/12.3.1/../../../../arm-none-eabi/lib/thumb/v7e-m+fp/hard\libc_nano.a(libc_a-stdio.o) (_close_r)
C:/ST/STM32CubeIDE_1.16.1/STM32CubeIDE/plugins/com.st.stm32cube.ide.mcu.externaltools.gnu-tools-for-stm32.12.3.rel1.win32_1.0.200.202406191623/tools/bin/../lib/gcc/arm-none-eabi/12.3.1/../../../../arm-none-eabi/lib/thumb/v7e-m+fp/hard\libc_nano.a(libc_a-reent.o)
                              C:/ST/STM32CubeIDE_1.16.1/STM32CubeIDE/plugins/com.st.stm32cube.ide.mcu.externaltools.gnu-tools-for-stm32.12.3.rel1.win32_1.0.200.202406191623/tools/bin/../lib/gcc/arm-none-eabi/12.3.1/../../../../arm-none-eabi/lib/thumb/v7e-m+fp/hard\libc_nano.a(libc_a-closer.o) (errno)
C:/ST/STM32CubeIDE_1.16.1/STM32CubeIDE/plugins/com.st.stm32cube.ide.mcu.externaltools.gnu-tools-for-stm32.12.3.rel1.win32_1.0.200.202406191623/tools/bin/../lib/gcc/arm-none-eabi/12.3.1/../../../../arm-none-eabi/lib/thumb/v7e-m+fp/hard\libc_nano.a(libc_a-impure.o)
                              C:/ST/STM32CubeIDE_1.16.1/STM32CubeIDE/plugins/com.st.stm32cube.ide.mcu.externaltools.gnu-tools-for-stm32.12.3.rel1.win32_1.0.200.202406191623/tools/bin/../lib/gcc/arm-none-eabi/12.3.1/../../../../arm-none-eabi/lib/thumb/v7e-m+fp/hard\libc_nano.a(libc_a-reent.o) (_impure_ptr)
C:/ST/STM32CubeIDE_1.16.1/STM32CubeIDE/plugins/com.st.stm32cube.ide.mcu.externaltools.gnu-tools-for-stm32.12.3.rel1.win32_1.0.200.202406191623/tools/bin/../lib/gcc/arm-none-eabi/12.3.1/../../../../arm-none-eabi/lib/thumb/v7e-m+fp/hard\libc_nano.a(libc_a-lseekr.o)
[...]
Memory Configuration

Name             Origin             Length             Attributes
CCMRAM           0x10000000         0x00001000         xrw
RAM              0x20000000         0x00003000         xrw
FLASH            0x08000000         0x00010000         xr
*default*        0x00000000         0xffffffff

Linker script and memory map

LOAD C:/ST/STM32CubeIDE_1.16.1/STM32CubeIDE/plugins/com.st.stm32cube.ide.mcu.externaltools.gnu-tools-for-stm32.12.3.rel1.win32_1.0.200.202406191623/tools/bin/../lib/gcc/arm-none-eabi/12.3.1/thumb/v7e-m+fp/hard/crti.o
LOAD C:/ST/STM32CubeIDE_1.16.1/STM32CubeIDE/plugins/com.st.stm32cube.ide.mcu.externaltools.gnu-tools-for-stm32.12.3.rel1.win32_1.0.200.202406191623/tools/bin/../lib/gcc/arm-none-eabi/12.3.1/thumb/v7e-m+fp/hard/crtbegin.o
LOAD C:/ST/STM32CubeIDE_1.16.1/STM32CubeIDE/plugins/com.st.stm32cube.ide.mcu.externaltools.gnu-tools-for-stm32.12.3.rel1.win32_1.0.200.202406191623/tools/bin/../lib/gcc/arm-none-eabi/12.3.1/../../../../arm-none-eabi/lib/thumb/v7e-m+fp/hard/crt0.o
LOAD ./Core/Src/dma.o
LOAD ./Core/Src/gpio.o
LOAD ./Core/Src/i2c.o
LOAD ./Core/Src/main.o
LOAD ./Core/Src/stm32f3xx_it.o
LOAD ./Core/Src/syscalls.o
LOAD ./Core/Src/sysmem.o
LOAD ./Core/Src/system_stm32f3xx.o
LOAD ./Core/Src/usart.o
LOAD ./Core/Startup/startup_stm32f303k8tx.o
LOAD ./Drivers/STM32F3xx_HAL_Driver/Src/stm32f3xx_ll_dma.o
LOAD ./Drivers/STM32F3xx_HAL_Driver/Src/stm32f3xx_ll_exti.o
LOAD ./Drivers/STM32F3xx_HAL_Driver/Src/stm32f3xx_ll_gpio.o
LOAD ./Drivers/STM32F3xx_HAL_Driver/Src/stm32f3xx_ll_i2c.o
LOAD ./Drivers/STM32F3xx_HAL_Driver/Src/stm32f3xx_ll_rcc.o
LOAD ./Drivers/STM32F3xx_HAL_Driver/Src/stm32f3xx_ll_usart.o
LOAD ./Drivers/STM32F3xx_HAL_Driver/Src/stm32f3xx_ll_utils.o
LOAD ./HTS/HTS221.o
LOAD ./LPS/LPS25HB.o
START GROUP
LOAD C:/ST/STM32CubeIDE_1.16.1/STM32CubeIDE/plugins/com.st.stm32cube.ide.mcu.externaltools.gnu-tools-for-stm32.12.3.rel1.win32_1.0.200.202406191623/tools/bin/../lib/gcc/arm-none-eabi/12.3.1/../../../../arm-none-eabi/lib/thumb/v7e-m+fp/hard\libc_nano.a
LOAD C:/ST/STM32CubeIDE_1.16.1/STM32CubeIDE/plugins/com.st.stm32cube.ide.mcu.externaltools.gnu-tools-for-stm32.12.3.rel1.win32_1.0.200.202406191623/tools/bin/../lib/gcc/arm-none-eabi/12.3.1/../../../../arm-none-eabi/lib/thumb/v7e-m+fp/hard\libm.a
END GROUP
START GROUP
LOAD C:/ST/STM32CubeIDE_1.16.1/STM32CubeIDE/plugins/com.st.stm32cube.ide.mcu.externaltools.gnu-tools-for-stm32.12.3.rel1.win32_1.0.200.202406191623/tools/bin/../lib/gcc/arm-none-eabi/12.3.1/thumb/v7e-m+fp/hard\libgcc.a
LOAD C:/ST/STM32CubeIDE_1.16.1/STM32CubeIDE/plugins/com.st.stm32cube.ide.mcu.externaltools.gnu-tools-for-stm32.12.3.rel1.win32_1.0.200.202406191623/tools/bin/../lib/gcc/arm-none-eabi/12.3.1/../../../../arm-none-eabi/lib/thumb/v7e-m+fp/hard\libc_nano.a
END GROUP
START GROUP
LOAD C:/ST/STM32CubeIDE_1.16.1/STM32CubeIDE/plugins/com.st.stm32cube.ide.mcu.externaltools.gnu-tools-for-stm32.12.3.rel1.win32_1.0.200.202406191623/tools/bin/../lib/gcc/arm-none-eabi/12.3.1/thumb/v7e-m+fp/hard\libgcc.a
LOAD C:/ST/STM32CubeIDE_1.16.1/STM32CubeIDE/plugins/com.st.stm32cube.ide.mcu.externaltools.gnu-tools-for-stm32.12.3.rel1.win32_1.0.200.202406191623/tools/bin/../lib/gcc/arm-none-eabi/12.3.1/../../../../arm-none-eabi/lib/thumb/v7e-m+fp/hard\libc_nano.a
LOAD C:/ST/STM32CubeIDE_1.16.1/STM32CubeIDE/plugins/com.st.stm32cube.ide.mcu.externaltools.gnu-tools-for-stm32.12.3.rel1.win32_1.0.200.202406191623/tools/bin/../lib/gcc/arm-none-eabi/12.3.1/../../../../arm-none-eabi/lib/thumb/v7e-m+fp/hard\libnosys.a
END GROUP
START GROUP
LOAD C:/ST/STM32CubeIDE_1.16.1/STM32CubeIDE/plugins/com.st.stm32cube.ide.mcu.externaltools.gnu-tools-for-stm32.12.3.rel1.win32_1.0.200.202406191623/tools/bin/../lib/gcc/arm-none-eabi/12.3.1/thumb/v7e-m+fp/hard\libgcc.a
LOAD C:/ST/STM32CubeIDE_1.16.1/STM32CubeIDE/plugins/com.st.stm32cube.ide.mcu.externaltools.gnu-tools-for-stm32.12.3.rel1.win32_1.0.200.202406191623/tools/bin/../lib/gcc/arm-none-eabi/12.3.1/../../../../arm-none-eabi/lib/thumb/v7e-m+fp/hard\libc_nano.a
LOAD C:/ST/STM32CubeIDE_1.16.1/STM32CubeIDE/plugins/com.st.stm32cube.ide.mcu.externaltools.gnu-tools-for-stm32.12.3.rel1.win32_1.0.200.202406191623/tools/bin/../lib/gcc/arm-none-eabi/12.3.1/../../../../arm-none-eabi/lib/thumb/v7e-m+fp/hard\libnosys.a
END GROUP
LOAD C:/ST/STM32CubeIDE_1.16.1/STM32CubeIDE/plugins/com.st.stm32cube.ide.mcu.externaltools.gnu-tools-for-stm32.12.3.rel1.win32_1.0.200.202406191623/tools/bin/../lib/gcc/arm-none-eabi/12.3.1/thumb/v7e-m+fp/hard/crtend.o
LOAD C:/ST/STM32CubeIDE_1.16.1/STM32CubeIDE/plugins/com.st.stm32cube.ide.mcu.externaltools.gnu-tools-for-stm32.12.3.rel1.win32_1.0.200.202406191623/tools/bin/../lib/gcc/arm-none-eabi/12.3.1/thumb/v7e-m+fp/hard/crtn.o
                0x20003000                        _estack = (ORIGIN (RAM) + LENGTH (RAM))
                0x00000200                        _Min_Heap_Size = 0x200
                0x00000400                        _Min_Stack_Size = 0x400

.isr_vector     0x08000000      0x188
                0x08000000                        . = ALIGN (0x4)
 *(.isr_vector)
 .isr_vector    0x08000000      0x188 ./Core/Startup/startup_stm32f303k8tx.o
                0x08000000                g_pfnVectors
                0x08000188                        . = ALIGN (0x4)

.text           0x08000188     0x1b08
                0x08000188                        . = ALIGN (0x4)
 *(.text)
 .text          0x08000188       0x40 C:/ST/STM32CubeIDE_1.16.1/STM32CubeIDE/plugins/com.st.stm32cube.ide.mcu.externaltools.gnu-tools-for-stm32.12.3.rel1.win32_1.0.200.202406191623/tools/bin/../lib/gcc/arm-none-eabi/12.3.1/thumb/v7e-m+fp/hard/crtbegin.o
 *(.text*)
 .text.__NVIC_GetPriorityGrouping
                0x080001c8       0x1c ./Core/Src/dma.o
 .text.__NVIC_EnableIRQ
                0x080001e4       0x3c ./Core/Src/dma.o
 .text.__NVIC_SetPriority
                0x08000220       0x54 ./Core/Src/dma.o
 .text.NVIC_EncodePriority
                0x08000274       0x66 ./Core/Src/dma.o
 *fill*         0x080002da        0x2 
 .text.LL_AHB1_GRP1_EnableClock
                0x080002dc       0x30 ./Core/Src/dma.o
 .text.MX_DMA_Init
                0x0800030c       0x4e ./Core/Src/dma.o
                0x0800030c                MX_DMA_Init
 *fill*         0x0800035a        0x2 
 .text.LL_AHB1_GRP1_EnableClock
                0x0800035c       0x30 ./Core/Src/gpio.o
 .text.MX_GPIO_Init
                0x0800038c       0x18 ./Core/Src/gpio.o
                0x0800038c                MX_GPIO_Init
 .text.__NVIC_GetPriorityGrouping
                0x080003a4       0x1c ./Core/Src/i2c.o
 .text.__NVIC_EnableIRQ
                0x080003c0       0x3c ./Core/Src/i2c.o
 .text.__NVIC_SetPriority
                0x080003fc       0x54 ./Core/Src/i2c.o
 .text.NVIC_EncodePriority
                0x08000450       0x66 ./Core/Src/i2c.o
 .text.LL_I2C_Enable
                0x080004b6       0x20 ./Core/Src/i2c.o
 .text.LL_I2C_EnableClockStretching
                0x080004d6       0x20 ./Core/Src/i2c.o
 .text.LL_I2C_DisableGeneralCall
                0x080004f6       0x20 ./Core/Src/i2c.o
 .text.LL_I2C_SetOwnAddress2
                0x08000516       0x30 ./Core/Src/i2c.o
 .text.LL_I2C_DisableOwnAddress2
                0x08000546       0x20 ./Core/Src/i2c.o
 .text.LL_I2C_EnableAutoEndMode
                0x08000566       0x20 ./Core/Src/i2c.o
 *fill*         0x08000586        0x2 
 .text.LL_AHB1_GRP1_EnableClock
                0x08000588       0x30 ./Core/Src/i2c.o
 .text.LL_APB1_GRP1_EnableClock
                0x080005b8       0x30 ./Core/Src/i2c.o
 .text.MX_I2C1_Init
                0x080005e8       0xe0 ./Core/Src/i2c.o
                0x080005e8                MX_I2C1_Init
 .text.__NVIC_SetPriorityGrouping
                0x080006c8       0x48 ./Core/Src/main.o
 .text.__NVIC_GetPriorityGrouping
                0x08000710       0x1c ./Core/Src/main.o
 .text.__NVIC_SetPriority
                0x0800072c       0x54 ./Core/Src/main.o
 .text.NVIC_EncodePriority
                0x08000780       0x66 ./Core/Src/main.o
 *fill*         0x080007e6        0x2 
 .text.LL_RCC_HSI_Enable
                0x080007e8       0x20 ./Core/Src/main.o
 .text.LL_RCC_HSI_IsReady
                0x08000808       0x24 ./Core/Src/main.o
 .text.LL_RCC_HSI_SetCalibTrimming
                0x0800082c       0x2c ./Core/Src/main.o
 .text.LL_RCC_SetSysClkSource
                0x08000858       0x28 ./Core/Src/main.o
 .text.LL_RCC_GetSysClkSource
                0x08000880       0x1c ./Core/Src/main.o
 .text.LL_RCC_SetAHBPrescaler
                0x0800089c       0x28 ./Core/Src/main.o
 .text.LL_RCC_SetAPB1Prescaler
                0x080008c4       0x28 ./Core/Src/main.o
 .text.LL_RCC_SetAPB2Prescaler
                0x080008ec       0x28 ./Core/Src/main.o
 .text.LL_RCC_SetI2CClockSource
                0x08000914       0x30 ./Core/Src/main.o
 .text.LL_APB1_GRP1_EnableClock
                0x08000944       0x30 ./Core/Src/main.o
 .text.LL_APB2_GRP1_EnableClock
                0x08000974       0x30 ./Core/Src/main.o
 .text.LL_FLASH_SetLatency
                0x080009a4       0x28 ./Core/Src/main.o
 .text.LL_FLASH_GetLatency
                0x080009cc       0x1c ./Core/Src/main.o
 .text.main     0x080009e8       0x4c ./Core/Src/main.o
                0x080009e8                main
 .text.SystemClock_Config
                0x08000a34       0x6c ./Core/Src/main.o
                0x08000a34                SystemClock_Config
 .text.NMI_Handler
                0x08000aa0        0x8 ./Core/Src/stm32f3xx_it.o
                0x08000aa0                NMI_Handler
 .text.HardFault_Handler
                0x08000aa8        0x8 ./Core/Src/stm32f3xx_it.o
                0x08000aa8                HardFault_Handler
 .text.MemManage_Handler
                0x08000ab0        0x8 ./Core/Src/stm32f3xx_it.o
                0x08000ab0                MemManage_Handler
 .text.BusFault_Handler
                0x08000ab8        0x8 ./Core/Src/stm32f3xx_it.o
                0x08000ab8                BusFault_Handler
 .text.UsageFault_Handler
                0x08000ac0        0x8 ./Core/Src/stm32f3xx_it.o
                0x08000ac0                UsageFault_Handler
 .text.SVC_Handler
                0x08000ac8        0xe ./Core/Src/stm32f3xx_it.o
                0x08000ac8                SVC_Handler
 .text.DebugMon_Handler
                0x08000ad6        0xe ./Core/Src/stm32f3xx_it.o
                0x08000ad6                DebugMon_Handler
 .text.PendSV_Handler
                0x08000ae4        0xe ./Core/Src/stm32f3xx_it.o
                0x08000ae4                PendSV_Handler
 .text.SysTick_Handler
                0x08000af2        0xe ./Core/Src/stm32f3xx_it.o
                0x08000af2                SysTick_Handler
 .text.DMA1_Channel6_IRQHandler
                0x08000b00        0xe ./Core/Src/stm32f3xx_it.o
                0x08000b00                DMA1_Channel6_IRQHandler
 .text.DMA1_Channel7_IRQHandler
                0x08000b0e        0xe ./Core/Src/stm32f3xx_it.o
                0x08000b0e                DMA1_Channel7_IRQHandler
 .text.I2C1_EV_IRQHandler
                0x08000b1c        0xe ./Core/Src/stm32f3xx_it.o
                0x08000b1c                I2C1_EV_IRQHandler
 .text.USART2_IRQHandler
                0x08000b2a        0xe ./Core/Src/stm32f3xx_it.o
                0x08000b2a                USART2_IRQHandler
 .text.SystemInit
                0x08000b38       0x24 ./Core/Src/system_stm32f3xx.o
                0x08000b38                SystemInit
 .text.__NVIC_GetPriorityGrouping
                0x08000b5c       0x1c ./Core/Src/usart.o
 .text.__NVIC_EnableIRQ
                0x08000b78       0x3c ./Core/Src/usart.o
 .text.__NVIC_SetPriority
                0x08000bb4       0x54 ./Core/Src/usart.o
 .text.NVIC_EncodePriority
                0x08000c08       0x66 ./Core/Src/usart.o
 *fill*         0x08000c6e        0x2 
 .text.LL_DMA_SetDataTransferDirection
                0x08000c70       0x4c ./Core/Src/usart.o
 .text.LL_DMA_SetMode
                0x08000cbc       0x48 ./Core/Src/usart.o
 .text.LL_DMA_SetPeriphIncMode
                0x08000d04       0x48 ./Core/Src/usart.o
 .text.LL_DMA_SetMemoryIncMode
                0x08000d4c       0x48 ./Core/Src/usart.o
 .text.LL_DMA_SetPeriphSize
                0x08000d94       0x48 ./Core/Src/usart.o
 .text.LL_DMA_SetMemorySize
                0x08000ddc       0x48 ./Core/Src/usart.o
 .text.LL_DMA_SetChannelPriorityLevel
                0x08000e24       0x48 ./Core/Src/usart.o
 .text.LL_DMA_SetPeriphAddress
                0x08000e6c       0x30 ./Core/Src/usart.o
 .text.LL_DMA_EnableIT_TE
                0x08000e9c       0x40 ./Core/Src/usart.o
 .text.LL_AHB1_GRP1_EnableClock
                0x08000edc       0x30 ./Core/Src/usart.o
 .text.LL_APB1_GRP1_EnableClock
                0x08000f0c       0x30 ./Core/Src/usart.o
 .text.LL_USART_Enable
                0x08000f3c       0x20 ./Core/Src/usart.o
 .text.LL_USART_ConfigAsyncMode
                0x08000f5c       0x2c ./Core/Src/usart.o
 .text.LL_USART_DisableIT_CTS
                0x08000f88       0x46 ./Core/Src/usart.o
 .text.LL_USART_EnableDMAReq_TX
                0x08000fce       0x46 ./Core/Src/usart.o
 .text.LL_USART_DMA_GetRegAddr
                0x08001014       0x2c ./Core/Src/usart.o
 .text.MX_USART2_UART_Init
                0x08001040      0x180 ./Core/Src/usart.o
                0x08001040                MX_USART2_UART_Init
 .text.Reset_Handler
                0x080011c0       0x50 ./Core/Startup/startup_stm32f303k8tx.o
                0x080011c0                Reset_Handler
 .text.Default_Handler
                0x08001210        0x2 ./Core/Startup/startup_stm32f303k8tx.o
                0x08001210                RTC_Alarm_IRQHandler
                0x08001210                TIM1_CC_IRQHandler
                0x08001210                PVD_IRQHandler
                0x08001210                TAMP_STAMP_IRQHandler
                0x08001210                EXTI3_IRQHandler
                0x08001210                EXTI0_IRQHandler
                0x08001210                FPU_IRQHandler
                0x08001210                CAN_TX_IRQHandler
                0x08001210                TIM1_UP_TIM16_IRQHandler
                0x08001210                ADC1_2_IRQHandler
                0x08001210                SPI1_IRQHandler
                0x08001210                CAN_SCE_IRQHandler
                0x08001210                DMA1_Channel4_IRQHandler
                0x08001210                USART3_IRQHandler
                0x08001210                TIM7_DAC2_IRQHandler
                0x08001210                CAN_RX1_IRQHandler
                0x08001210                TIM3_IRQHandler
                0x08001210                RCC_IRQHandler
                0x08001210                DMA1_Channel1_IRQHandler
                0x08001210                Default_Handler
                0x08001210                EXTI15_10_IRQHandler
                0x08001210                COMP2_IRQHandler
                0x08001210                TIM6_DAC1_IRQHandler
                0x08001210                EXTI9_5_IRQHandler
                0x08001210                RTC_WKUP_IRQHandler
                0x08001210                DMA1_Channel5_IRQHandler
                0x08001210                EXTI4_IRQHandler
                0x08001210                TIM1_TRG_COM_TIM17_IRQHandler
                0x08001210                DMA1_Channel3_IRQHandler
                0x08001210                WWDG_IRQHandler
                0x08001210                TIM2_IRQHandler
                0x08001210                EXTI1_IRQHandler
                0x08001210                COMP4_6_IRQHandler
                0x08001210                DMA1_Channel2_IRQHandler
                0x08001210                FLASH_IRQHandler
                0x08001210                USART1_IRQHandler
                0x08001210                CAN_RX0_IRQHandler
                0x08001210                I2C1_ER_IRQHandler
                0x08001210                EXTI2_TSC_IRQHandler
                0x08001210                TIM1_BRK_TIM15_IRQHandler
 .text.LL_GPIO_SetPinMode
                0x08001212       0x5e ./Drivers/STM32F3xx_HAL_Driver/Src/stm32f3xx_ll_gpio.o
 .text.LL_GPIO_SetPinOutputType
                0x08001270       0x30 ./Drivers/STM32F3xx_HAL_Driver/Src/stm32f3xx_ll_gpio.o
 .text.LL_GPIO_SetPinSpeed
                0x080012a0       0x5e ./Drivers/STM32F3xx_HAL_Driver/Src/stm32f3xx_ll_gpio.o
 .text.LL_GPIO_SetPinPull
                0x080012fe       0x5e ./Drivers/STM32F3xx_HAL_Driver/Src/stm32f3xx_ll_gpio.o
 .text.LL_GPIO_SetAFPin_0_7
                0x0800135c       0x5e ./Drivers/STM32F3xx_HAL_Driver/Src/stm32f3xx_ll_gpio.o
 .text.LL_GPIO_SetAFPin_8_15
                0x080013ba       0x62 ./Drivers/STM32F3xx_HAL_Driver/Src/stm32f3xx_ll_gpio.o
 .text.LL_GPIO_Init
                0x0800141c       0xe0 ./Drivers/STM32F3xx_HAL_Driver/Src/stm32f3xx_ll_gpio.o
                0x0800141c                LL_GPIO_Init
 .text.LL_I2C_Enable
                0x080014fc       0x20 ./Drivers/STM32F3xx_HAL_Driver/Src/stm32f3xx_ll_i2c.o
 .text.LL_I2C_Disable
                0x0800151c       0x20 ./Drivers/STM32F3xx_HAL_Driver/Src/stm32f3xx_ll_i2c.o
 .text.LL_I2C_ConfigFilters
                0x0800153c       0x2e ./Drivers/STM32F3xx_HAL_Driver/Src/stm32f3xx_ll_i2c.o
 .text.LL_I2C_SetOwnAddress1
                0x0800156a       0x30 ./Drivers/STM32F3xx_HAL_Driver/Src/stm32f3xx_ll_i2c.o
 .text.LL_I2C_EnableOwnAddress1
                0x0800159a       0x20 ./Drivers/STM32F3xx_HAL_Driver/Src/stm32f3xx_ll_i2c.o
 .text.LL_I2C_DisableOwnAddress1
                0x080015ba       0x20 ./Drivers/STM32F3xx_HAL_Driver/Src/stm32f3xx_ll_i2c.o
 .text.LL_I2C_SetTiming
                0x080015da       0x1c ./Drivers/STM32F3xx_HAL_Driver/Src/stm32f3xx_ll_i2c.o
 .text.LL_I2C_SetMode
                0x080015f6       0x26 ./Drivers/STM32F3xx_HAL_Driver/Src/stm32f3xx_ll_i2c.o
 .text.LL_I2C_AcknowledgeNextData
                0x0800161c       0x26 ./Drivers/STM32F3xx_HAL_Driver/Src/stm32f3xx_ll_i2c.o
 .text.LL_I2C_Init
                0x08001642       0x78 ./Drivers/STM32F3xx_HAL_Driver/Src/stm32f3xx_ll_i2c.o
                0x08001642                LL_I2C_Init
 *fill*         0x080016ba        0x2 
 .text.LL_RCC_HSI_IsReady
                0x080016bc       0x24 ./Drivers/STM32F3xx_HAL_Driver/Src/stm32f3xx_ll_rcc.o
 .text.LL_RCC_LSE_IsReady
                0x080016e0       0x24 ./Drivers/STM32F3xx_HAL_Driver/Src/stm32f3xx_ll_rcc.o
 .text.LL_RCC_GetSysClkSource
                0x08001704       0x1c ./Drivers/STM32F3xx_HAL_Driver/Src/stm32f3xx_ll_rcc.o
 .text.LL_RCC_GetAHBPrescaler
                0x08001720       0x1c ./Drivers/STM32F3xx_HAL_Driver/Src/stm32f3xx_ll_rcc.o
 .text.LL_RCC_GetAPB1Prescaler
                0x0800173c       0x1c ./Drivers/STM32F3xx_HAL_Driver/Src/stm32f3xx_ll_rcc.o
 .text.LL_RCC_GetAPB2Prescaler
                0x08001758       0x1c ./Drivers/STM32F3xx_HAL_Driver/Src/stm32f3xx_ll_rcc.o
 .text.LL_RCC_GetUSARTClockSource
                0x08001774       0x2c ./Drivers/STM32F3xx_HAL_Driver/Src/stm32f3xx_ll_rcc.o
 .text.LL_RCC_PLL_GetMainSource
                0x080017a0       0x1c ./Drivers/STM32F3xx_HAL_Driver/Src/stm32f3xx_ll_rcc.o
 .text.LL_RCC_PLL_GetMultiplicator
                0x080017bc       0x1c ./Drivers/STM32F3xx_HAL_Driver/Src/stm32f3xx_ll_rcc.o
 .text.LL_RCC_PLL_GetPrediv
                0x080017d8       0x1c ./Drivers/STM32F3xx_HAL_Driver/Src/stm32f3xx_ll_rcc.o
 .text.LL_RCC_GetSystemClocksFreq
                0x080017f4       0x4a ./Drivers/STM32F3xx_HAL_Driver/Src/stm32f3xx_ll_rcc.o
                0x080017f4                LL_RCC_GetSystemClocksFreq
 *fill*         0x0800183e        0x2 
 .text.LL_RCC_GetUSARTClockFreq
                0x08001840       0x84 ./Drivers/STM32F3xx_HAL_Driver/Src/stm32f3xx_ll_rcc.o
                0x08001840                LL_RCC_GetUSARTClockFreq
 .text.RCC_GetSystemClockFreq
                0x080018c4       0x4c ./Drivers/STM32F3xx_HAL_Driver/Src/stm32f3xx_ll_rcc.o
                0x080018c4                RCC_GetSystemClockFreq
 .text.RCC_GetHCLKClockFreq
                0x08001910       0x2c ./Drivers/STM32F3xx_HAL_Driver/Src/stm32f3xx_ll_rcc.o
                0x08001910                RCC_GetHCLKClockFreq
 .text.RCC_GetPCLK1ClockFreq
                0x0800193c       0x28 ./Drivers/STM32F3xx_HAL_Driver/Src/stm32f3xx_ll_rcc.o
                0x0800193c                RCC_GetPCLK1ClockFreq
 .text.RCC_GetPCLK2ClockFreq
                0x08001964       0x28 ./Drivers/STM32F3xx_HAL_Driver/Src/stm32f3xx_ll_rcc.o
                0x08001964                RCC_GetPCLK2ClockFreq
 .text.RCC_PLL_GetFreqDomain_SYS
                0x0800198c       0x7c ./Drivers/STM32F3xx_HAL_Driver/Src/stm32f3xx_ll_rcc.o
                0x0800198c                RCC_PLL_GetFreqDomain_SYS
 .text.LL_USART_IsEnabled
                0x08001a08       0x26 ./Drivers/STM32F3xx_HAL_Driver/Src/stm32f3xx_ll_usart.o
 .text.LL_USART_SetStopBitsLength
                0x08001a2e       0x26 ./Drivers/STM32F3xx_HAL_Driver/Src/stm32f3xx_ll_usart.o
 .text.LL_USART_SetHWFlowCtrl
                0x08001a54       0x26 ./Drivers/STM32F3xx_HAL_Driver/Src/stm32f3xx_ll_usart.o
 .text.LL_USART_SetBaudRate
                0x08001a7a       0x6e ./Drivers/STM32F3xx_HAL_Driver/Src/stm32f3xx_ll_usart.o
 .text.LL_USART_Init
                0x08001ae8       0xd8 ./Drivers/STM32F3xx_HAL_Driver/Src/stm32f3xx_ll_usart.o
                0x08001ae8                LL_USART_Init
 .text.LL_InitTick
                0x08001bc0       0x34 ./Drivers/STM32F3xx_HAL_Driver/Src/stm32f3xx_ll_utils.o
 .text.LL_Init1msTick
                0x08001bf4       0x1a ./Drivers/STM32F3xx_HAL_Driver/Src/stm32f3xx_ll_utils.o
                0x08001bf4                LL_Init1msTick
 *fill*         0x08001c0e        0x2 
 .text.LL_SetSystemCoreClock
                0x08001c10       0x20 ./Drivers/STM32F3xx_HAL_Driver/Src/stm32f3xx_ll_utils.o
                0x08001c10                LL_SetSystemCoreClock
 .text.__libc_init_array
                0x08001c30       0x48 C:/ST/STM32CubeIDE_1.16.1/STM32CubeIDE/plugins/com.st.stm32cube.ide.mcu.externaltools.gnu-tools-for-stm32.12.3.rel1.win32_1.0.200.202406191623/tools/bin/../lib/gcc/arm-none-eabi/12.3.1/../../../../arm-none-eabi/lib/thumb/v7e-m+fp/hard\libc_nano.a(libc_a-init.o)
                0x08001c30                __libc_init_array
 *(.glue_7)
 .glue_7        0x08001c78        0x0 linker stubs
 *(.glue_7t)
 .glue_7t       0x08001c78        0x0 linker stubs
 *(.eh_frame)
 .eh_frame      0x08001c78        0x0 C:/ST/STM32CubeIDE_1.16.1/STM32CubeIDE/plugins/com.st.stm32cube.ide.mcu.externaltools.gnu-tools-for-stm32.12.3.rel1.win32_1.0.200.202406191623/tools/bin/../lib/gcc/arm-none-eabi/12.3.1/thumb/v7e-m+fp/hard/crtbegin.o
 *(.init)
 .init          0x08001c78        0x4 C:/ST/STM32CubeIDE_1.16.1/STM32CubeIDE/plugins/com.st.stm32cube.ide.mcu.externaltools.gnu-tools-for-stm32.12.3.rel1.win32_1.0.200.202406191623/tools/bin/../lib/gcc/arm-none-eabi/12.3.1/thumb/v7e-m+fp/hard/crti.o
                0x08001c78                _init
 .init          0x08001c7c        0x8 C:/ST/STM32CubeIDE_1.16.1/STM32CubeIDE/plugins/com.st.stm32cube.ide.mcu.externaltools.gnu-tools-for-stm32.12.3.rel1.win32_1.0.200.202406191623/tools/bin/../lib/gcc/arm-none-eabi/12.3.1/thumb/v7e-m+fp/hard/crtn.o
 *(.fini)
 .fini          0x08001c84        0x4 C:/ST/STM32CubeIDE_1.16.1/STM32CubeIDE/plugins/com.st.stm32cube.ide.mcu.externaltools.gnu-tools-for-stm32.12.3.rel1.win32_1.0.200.202406191623/tools/bin/../lib/gcc/arm-none-eabi/12.3.1/thumb/v7e-m+fp/hard/crti.o
                0x08001c84                _fini
 .fini          0x08001c88        0x8 C:/ST/STM32CubeIDE_1.16.1/STM32CubeIDE/plugins/com.st.stm32cube.ide.mcu.externaltools.gnu-tools-for-stm32.12.3.rel1.win32_1.0.200.202406191623/tools/bin/../lib/gcc/arm-none-eabi/12.3.1/thumb/v7e-m+fp/hard/crtn.o
                0x08001c90                        . = ALIGN (0x4)
                0x08001c90                        _etext = .

.vfp11_veneer   0x08001c90        0x0
 .vfp11_veneer  0x08001c90        0x0 linker stubs

.v4_bx          0x08001c90        0x0
 .v4_bx         0x08001c90        0x0 linker stubs

.iplt           0x08001c90        0x0
 .iplt          0x08001c90        0x0 C:/ST/STM32CubeIDE_1.16.1/STM32CubeIDE/plugins/com.st.stm32cube.ide.mcu.externaltools.gnu-tools-for-stm32.12.3.rel1.win32_1.0.200.202406191623/tools/bin/../lib/gcc/arm-none-eabi/12.3.1/thumb/v7e-m+fp/hard/crtbegin.o

.rodata         0x08001c90       0x20
                0x08001c90                        . = ALIGN (0x4)
 *(.rodata)
 *(.rodata*)
 .rodata.AHBPrescTable
                0x08001c90       0x10 ./Core/Src/system_stm32f3xx.o
                0x08001c90                AHBPrescTable
 .rodata.APBPrescTable
                0x08001ca0        0x8 ./Core/Src/system_stm32f3xx.o
                0x08001ca0                APBPrescTable
 .rodata.CHANNEL_OFFSET_TAB
                0x08001ca8        0x7 ./Core/Src/usart.o
                0x08001cb0                        . = ALIGN (0x4)
 *fill*         0x08001caf        0x1 

.ARM.extab      0x08001cb0        0x0
                0x08001cb0                        . = ALIGN (0x4)
 *(.ARM.extab* .gnu.linkonce.armextab.*)
                0x08001cb0                        . = ALIGN (0x4)

.ARM            0x08001cb0        0x0
                0x08001cb0                        . = ALIGN (0x4)
                0x08001cb0                        __exidx_start = .
 *(.ARM.exidx*)
                0x08001cb0                        __exidx_end = .
                0x08001cb0                        . = ALIGN (0x4)

.preinit_array  0x08001cb0        0x0
                0x08001cb0                        . = ALIGN (0x4)
                0x08001cb0                        PROVIDE (__preinit_array_start = .)
 *(.preinit_array*)
                0x08001cb0                        PROVIDE (__preinit_array_end = .)
                0x08001cb0                        . = ALIGN (0x4)

.init_array     0x08001cb0        0x4
                0x08001cb0                        . = ALIGN (0x4)
                0x08001cb0                        PROVIDE (__init_array_start = .)
 *(SORT_BY_NAME(.init_array.*))
 *(.init_array*)
 .init_array    0x08001cb0        0x4 C:/ST/STM32CubeIDE_1.16.1/STM32CubeIDE/plugins/com.st.stm32cube.ide.mcu.externaltools.gnu-tools-for-stm32.12.3.rel1.win32_1.0.200.202406191623/tools/bin/../lib/gcc/arm-none-eabi/12.3.1/thumb/v7e-m+fp/hard/crtbegin.o
                0x08001cb4                        PROVIDE (__init_array_end = .)
                0x08001cb4                        . = ALIGN (0x4)

.fini_array     0x08001cb4        0x4
                0x08001cb4                        . = ALIGN (0x4)
                [!provide]                        PROVIDE (__fini_array_start = .)
 *(SORT_BY_NAME(.fini_array.*))
 *(.fini_array*)
 .fini_array    0x08001cb4        0x4 C:/ST/STM32CubeIDE_1.16.1/STM32CubeIDE/plugins/com.st.stm32cube.ide.mcu.externaltools.gnu-tools-for-stm32.12.3.rel1.win32_1.0.200.202406191623/tools/bin/../lib/gcc/arm-none-eabi/12.3.1/thumb/v7e-m+fp/hard/crtbegin.o
                [!provide]                        PROVIDE (__fini_array_end = .)
                0x08001cb8                        . = ALIGN (0x4)
                0x08001cb8                        _sidata = LOADADDR (.data)

.rel.dyn        0x08001cb8        0x0
 .rel.iplt      0x08001cb8        0x0 C:/ST/STM32CubeIDE_1.16.1/STM32CubeIDE/plugins/com.st.stm32cube.ide.mcu.externaltools.gnu-tools-for-stm32.12.3.rel1.win32_1.0.200.202406191623/tools/bin/../lib/gcc/arm-none-eabi/12.3.1/thumb/v7e-m+fp/hard/crtbegin.o

.data           0x20000000        0x4 load address 0x08001cb8
                0x20000000                        . = ALIGN (0x4)
                0x20000000                        _sdata = .
 *(.data)
 *(.data*)
 .data.SystemCoreClock
                0x20000000        0x4 ./Core/Src/system_stm32f3xx.o
                0x20000000                SystemCoreClock
 *(.RamFunc)
 *(.RamFunc*)
                0x20000004                        . = ALIGN (0x4)
                0x20000004                        _edata = .
                0x08001cbc                        _siccmram = LOADADDR (.ccmram)

.igot.plt       0x20000004        0x0 load address 0x08001cbc
 .igot.plt      0x20000004        0x0 C:/ST/STM32CubeIDE_1.16.1/STM32CubeIDE/plugins/com.st.stm32cube.ide.mcu.externaltools.gnu-tools-for-stm32.12.3.rel1.win32_1.0.200.202406191623/tools/bin/../lib/gcc/arm-none-eabi/12.3.1/thumb/v7e-m+fp/hard/crtbegin.o

.ccmram         0x10000000        0x0 load address 0x08001cbc
                0x10000000                        . = ALIGN (0x4)
                0x10000000                        _sccmram = .
 *(.ccmram)
 *(.ccmram*)
                0x10000000                        . = ALIGN (0x4)
                0x10000000                        _eccmram = .
                0x10000000                        . = ALIGN (0x4)

.bss            0x20000004       0x1c
                0x20000004                        _sbss = .
                0x20000004                        __bss_start__ = _sbss
 *(.bss)
 .bss           0x20000004       0x1c C:/ST/STM32CubeIDE_1.16.1/STM32CubeIDE/plugins/com.st.stm32cube.ide.mcu.externaltools.gnu-tools-for-stm32.12.3.rel1.win32_1.0.200.202406191623/tools/bin/../lib/gcc/arm-none-eabi/12.3.1/thumb/v7e-m+fp/hard/crtbegin.o
 *(.bss*)
 *(COMMON)
                0x20000020                        . = ALIGN (0x4)
                0x20000020                        _ebss = .
                0x20000020                        __bss_end__ = _ebss

._user_heap_stack
                0x20000020      0x600
                0x20000020                        . = ALIGN (0x8)
                [!provide]                        PROVIDE (end = .)
                0x20000020                        PROVIDE (_end = .)
                0x20000220                        . = (. + _Min_Heap_Size)
 *fill*         0x20000020      0x200 
                0x20000620                        . = (. + _Min_Stack_Size)
 *fill*         0x20000220      0x400 
                0x20000620                        . = ALIGN (0x8)

/DISCARD/
 libc.a(*)
 libm.a(*)
 libgcc.a(*)

.ARM.attributes
                0x00000000       0x30
 *(.ARM.attributes)
 .ARM.attributes
                0x00000000       0x22 C:/ST/STM32CubeIDE_1.16.1/STM32CubeIDE/plugins/com.st.stm32cube.ide.mcu.externaltools.gnu-tools-for-stm32.12.3.rel1.win32_1.0.200.202406191623/tools/bin/../lib/gcc/arm-none-eabi/12.3.1/thumb/v7e-m+fp/hard/crti.o
 .ARM.attributes
                0x00000022       0x34 C:/ST/STM32CubeIDE_1.16.1/STM32CubeIDE/plugins/com.st.stm32cube.ide.mcu.externaltools.gnu-tools-for-stm32.12.3.rel1.win32_1.0.200.202406191623/tools/bin/../lib/gcc/arm-none-eabi/12.3.1/thumb/v7e-m+fp/hard/crtbegin.o
 .ARM.attributes
                0x00000056       0x34 ./Core/Src/dma.o
 .ARM.attributes
                0x0000008a       0x34 ./Core/Src/gpio.o
 .ARM.attributes
                0x000000be       0x34 ./Core/Src/i2c.o
 .ARM.attributes
                0x000000f2       0x34 ./Core/Src/main.o
 .ARM.attributes
                0x00000126       0x34 ./Core/Src/stm32f3xx_it.o
 .ARM.attributes
                0x0000015a       0x34 ./Core/Src/system_stm32f3xx.o
 .ARM.attributes
                0x0000018e       0x34 ./Core/Src/usart.o
 .ARM.attributes
                0x000001c2       0x21 ./Core/Startup/startup_stm32f303k8tx.o
 .ARM.attributes
                0x000001e3       0x34 ./Drivers/STM32F3xx_HAL_Driver/Src/stm32f3xx_ll_gpio.o
 .ARM.attributes
                0x00000217       0x34 ./Drivers/STM32F3xx_HAL_Driver/Src/stm32f3xx_ll_i2c.o
 .ARM.attributes
                0x0000024b       0x34 ./Drivers/STM32F3xx_HAL_Driver/Src/stm32f3xx_ll_rcc.o
 .ARM.attributes
                0x0000027f       0x34 ./Drivers/STM32F3xx_HAL_Driver/Src/stm32f3xx_ll_usart.o
 .ARM.attributes
                0x000002b3       0x34 ./Drivers/STM32F3xx_HAL_Driver/Src/stm32f3xx_ll_utils.o
 .ARM.attributes
                0x000002e7       0x34 C:/ST/STM32CubeIDE_1.16.1/STM32CubeIDE/plugins/com.st.stm32cube.ide.mcu.externaltools.gnu-tools-for-stm32.12.3.rel1.win32_1.0.200.202406191623/tools/bin/../lib/gcc/arm-none-eabi/12.3.1/../../../../arm-none-eabi/lib/thumb/v7e-m+fp/hard\libc_nano.a(libc_a-init.o)
 .ARM.attributes
                0x0000031b       0x22 C:/ST/STM32CubeIDE_1.16.1/STM32CubeIDE/plugins/com.st.stm32cube.ide.mcu.externaltools.gnu-tools-for-stm32.12.3.rel1.win32_1.0.200.202406191623/tools/bin/../lib/gcc/arm-none-eabi/12.3.1/thumb/v7e-m+fp/hard/crtn.o
OUTPUT(zad.elf elf32-littlearm)
LOAD linker stubs
LOAD C:/ST/STM32CubeIDE_1.16.1/STM32CubeIDE/plugins/com.st.stm32cube.ide.mcu.externaltools.gnu-tools-for-stm32.12.3.rel1.win32_1.0.200.202406191623/tools/bin/../lib/gcc/arm-none-eabi/12.3.1/../../../../arm-none-eabi/lib/thumb/v7e-m+fp/hard\libc.a
LOAD C:/ST/STM32CubeIDE_1.16.1/STM32CubeIDE/plugins/com.st.stm32cube.ide.mcu.externaltools.gnu-tools-for-stm32.12.3.rel1.win32_1.0.200.202406191623/tools/bin/../lib/gcc/arm-none-eabi/12.3.1/../../../../arm-none-eabi/lib/thumb/v7e-m+fp/hard\libm.a
LOAD C:/ST/STM32CubeIDE_1.16.1/STM32CubeIDE/plugins/com.st.stm32cube.ide.mcu.externaltools.gnu-tools-for-stm32.12.3.rel1.win32_1.0.200.202406191623/tools/bin/../lib/gcc/arm-none-eabi/12.3.1/thumb/v7e-m+fp/hard\libgcc.a

.debug_info     0x00000000     0x587d
 .debug_info    0x00000000      0x71f ./Core/Src/dma.o
 .debug_info    0x0000071f      0x1cb ./Core/Src/gpio.o
 .debug_info    0x000008ea      0xdb9 ./Core/Src/i2c.o
 .debug_info    0x000016a3      0x9ef ./Core/Src/main.o
 .debug_info    0x00002092      0x185 ./Core/Src/stm32f3xx_it.o
 .debug_info    0x00002217      0x400 ./Core/Src/system_stm32f3xx.o
 .debug_info    0x00002617     0x10e8 ./Core/Src/usart.o
 .debug_info    0x000036ff       0x30 ./Core/Startup/startup_stm32f303k8tx.o
 .debug_info    0x0000372f      0x6e7 ./Drivers/STM32F3xx_HAL_Driver/Src/stm32f3xx_ll_gpio.o
 .debug_info    0x00003e16      0x529 ./Drivers/STM32F3xx_HAL_Driver/Src/stm32f3xx_ll_i2c.o
 .debug_info    0x0000433f      0x6b1 ./Drivers/STM32F3xx_HAL_Driver/Src/stm32f3xx_ll_rcc.o
 .debug_info    0x000049f0      0x68a ./Drivers/STM32F3xx_HAL_Driver/Src/stm32f3xx_ll_usart.o
 .debug_info    0x0000507a      0x803 ./Drivers/STM32F3xx_HAL_Driver/Src/stm32f3xx_ll_utils.o

.debug_abbrev   0x00000000     0x160d
 .debug_abbrev  0x00000000      0x197 ./Core/Src/dma.o
 .debug_abbrev  0x00000197      0x102 ./Core/Src/gpio.o
 .debug_abbrev  0x00000299      0x237 ./Core/Src/i2c.o
 .debug_abbrev  0x000004d0      0x239 ./Core/Src/main.o
 .debug_abbrev  0x00000709       0x80 ./Core/Src/stm32f3xx_it.o
 .debug_abbrev  0x00000789      0x11a ./Core/Src/system_stm32f3xx.o
 .debug_abbrev  0x000008a3      0x2d5 ./Core/Src/usart.o
 .debug_abbrev  0x00000b78       0x24 ./Core/Startup/startup_stm32f303k8tx.o
 .debug_abbrev  0x00000b9c      0x21e ./Drivers/STM32F3xx_HAL_Driver/Src/stm32f3xx_ll_gpio.o
 .debug_abbrev  0x00000dba      0x177 ./Drivers/STM32F3xx_HAL_Driver/Src/stm32f3xx_ll_i2c.o
 .debug_abbrev  0x00000f31      0x246 ./Drivers/STM32F3xx_HAL_Driver/Src/stm32f3xx_ll_rcc.o
 .debug_abbrev  0x00001177      0x1dd ./Drivers/STM32F3xx_HAL_Driver/Src/stm32f3xx_ll_usart.o
 .debug_abbrev  0x00001354      0x2b9 ./Drivers/STM32F3xx_HAL_Driver/Src/stm32f3xx_ll_utils.o

.debug_aranges  0x00000000      0x728
 .debug_aranges
                0x00000000       0x48 ./Core/Src/dma.o
 .debug_aranges
                0x00000048       0x28 ./Core/Src/gpio.o
 .debug_aranges
                0x00000070       0xd0 ./Core/Src/i2c.o
 .debug_aranges
                0x00000140       0xb8 ./Core/Src/main.o
 .debug_aranges
                0x000001f8       0x80 ./Core/Src/stm32f3xx_it.o
 .debug_aranges
                0x00000278       0x28 ./Core/Src/system_stm32f3xx.o
 .debug_aranges
                0x000002a0       0xf0 ./Core/Src/usart.o
 .debug_aranges
                0x00000390       0x28 ./Core/Startup/startup_stm32f303k8tx.o
 .debug_aranges
                0x000003b8       0x70 ./Drivers/STM32F3xx_HAL_Driver/Src/stm32f3xx_ll_gpio.o
 .debug_aranges
                0x00000428       0x88 ./Drivers/STM32F3xx_HAL_Driver/Src/stm32f3xx_ll_i2c.o
 .debug_aranges
                0x000004b0      0x100 ./Drivers/STM32F3xx_HAL_Driver/Src/stm32f3xx_ll_rcc.o
 .debug_aranges
                0x000005b0       0x88 ./Drivers/STM32F3xx_HAL_Driver/Src/stm32f3xx_ll_usart.o
 .debug_aranges
                0x00000638       0xf0 ./Drivers/STM32F3xx_HAL_Driver/Src/stm32f3xx_ll_utils.o

.debug_rnglists
                0x00000000      0x52a
 .debug_rnglists
                0x00000000       0x31 ./Core/Src/dma.o
 .debug_rnglists
                0x00000031       0x19 ./Core/Src/gpio.o
 .debug_rnglists
                0x0000004a       0x9a ./Core/Src/i2c.o
 .debug_rnglists
                0x000000e4       0x85 ./Core/Src/main.o
 .debug_rnglists
                0x00000169       0x5b ./Core/Src/stm32f3xx_it.o
 .debug_rnglists
                0x000001c4       0x1a ./Core/Src/system_stm32f3xx.o
 .debug_rnglists
                0x000001de       0xb0 ./Core/Src/usart.o
 .debug_rnglists
                0x0000028e       0x19 ./Core/Startup/startup_stm32f303k8tx.o
 .debug_rnglists
                0x000002a7       0x51 ./Drivers/STM32F3xx_HAL_Driver/Src/stm32f3xx_ll_gpio.o
 .debug_rnglists
                0x000002f8       0x61 ./Drivers/STM32F3xx_HAL_Driver/Src/stm32f3xx_ll_i2c.o
 .debug_rnglists
                0x00000359       0xbe ./Drivers/STM32F3xx_HAL_Driver/Src/stm32f3xx_ll_rcc.o
 .debug_rnglists
                0x00000417       0x62 ./Drivers/STM32F3xx_HAL_Driver/Src/stm32f3xx_ll_usart.o
 .debug_rnglists
                0x00000479       0xb1 ./Drivers/STM32F3xx_HAL_Driver/Src/stm32f3xx_ll_utils.o

.debug_macro    0x00000000    0x15839
 .debug_macro   0x00000000      0x13e ./Core/Src/dma.o
 .debug_macro   0x0000013e      0xaea ./Core/Src/dma.o
 .debug_macro   0x00000c28       0x2e ./Core/Src/dma.o
 .debug_macro   0x00000c56       0x28 ./Core/Src/dma.o
 .debug_macro   0x00000c7e       0x22 ./Core/Src/dma.o
 .debug_macro   0x00000ca0       0x8e ./Core/Src/dma.o
 .debug_macro   0x00000d2e       0x51 ./Core/Src/dma.o
 .debug_macro   0x00000d7f      0x103 ./Core/Src/dma.o
 .debug_macro   0x00000e82       0x6a ./Core/Src/dma.o
 .debug_macro   0x00000eec      0x1df ./Core/Src/dma.o
 .debug_macro   0x000010cb       0x1c ./Core/Src/dma.o
 .debug_macro   0x000010e7       0x22 ./Core/Src/dma.o
 .debug_macro   0x00001109       0xd9 ./Core/Src/dma.o
 .debug_macro   0x000011e2      0xf07 ./Core/Src/dma.o
 .debug_macro   0x000020e9    0x10be0 ./Core/Src/dma.o
 .debug_macro   0x00012cc9       0x6d ./Core/Src/dma.o
 .debug_macro   0x00012d36      0x281 ./Core/Src/dma.o
 .debug_macro   0x00012fb7      0x24d ./Core/Src/dma.o
 .debug_macro   0x00013204      0x4c2 ./Core/Src/dma.o
 .debug_macro   0x000136c6       0xe0 ./Core/Src/dma.o
 .debug_macro   0x000137a6      0x29f ./Core/Src/dma.o
 .debug_macro   0x00013a45       0xfe ./Core/Src/dma.o
 .debug_macro   0x00013b43       0x28 ./Core/Src/dma.o
 .debug_macro   0x00013b6b       0x30 ./Core/Src/dma.o
 .debug_macro   0x00013b9b       0xa8 ./Core/Src/dma.o
 .debug_macro   0x00013c43      0x2f7 ./Core/Src/dma.o
 .debug_macro   0x00013f3a      0x142 ./Core/Src/dma.o
 .debug_macro   0x0001407c       0x22 ./Core/Src/dma.o
 .debug_macro   0x0001409e      0x13e ./Core/Src/gpio.o
 .debug_macro   0x000141dc      0x13e ./Core/Src/i2c.o
 .debug_macro   0x0001431a      0x160 ./Core/Src/main.o
 .debug_macro   0x0001447a      0x13e ./Core/Src/stm32f3xx_it.o
 .debug_macro   0x000145b8       0xbc ./Core/Src/system_stm32f3xx.o
 .debug_macro   0x00014674      0x13e ./Core/Src/usart.o
 .debug_macro   0x000147b2       0xfe ./Drivers/STM32F3xx_HAL_Driver/Src/stm32f3xx_ll_gpio.o
 .debug_macro   0x000148b0      0x13c ./Drivers/STM32F3xx_HAL_Driver/Src/stm32f3xx_ll_gpio.o
 .debug_macro   0x000149ec       0xfe ./Drivers/STM32F3xx_HAL_Driver/Src/stm32f3xx_ll_i2c.o
 .debug_macro   0x00014aea      0x247 ./Drivers/STM32F3xx_HAL_Driver/Src/stm32f3xx_ll_i2c.o
 .debug_macro   0x00014d31       0xf0 ./Drivers/STM32F3xx_HAL_Driver/Src/stm32f3xx_ll_rcc.o
 .debug_macro   0x00014e21      0x4bc ./Drivers/STM32F3xx_HAL_Driver/Src/stm32f3xx_ll_rcc.o
 .debug_macro   0x000152dd      0x131 ./Drivers/STM32F3xx_HAL_Driver/Src/stm32f3xx_ll_usart.o
 .debug_macro   0x0001540e      0x2f1 ./Drivers/STM32F3xx_HAL_Driver/Src/stm32f3xx_ll_usart.o
 .debug_macro   0x000156ff      0x13a ./Drivers/STM32F3xx_HAL_Driver/Src/stm32f3xx_ll_utils.o

.debug_line     0x00000000     0x60f7
 .debug_line    0x00000000      0x718 ./Core/Src/dma.o
 .debug_line    0x00000718      0x637 ./Core/Src/gpio.o
 .debug_line    0x00000d4f      0xa2a ./Core/Src/i2c.o
 .debug_line    0x00001779      0x913 ./Core/Src/main.o
 .debug_line    0x0000208c      0x721 ./Core/Src/stm32f3xx_it.o
 .debug_line    0x000027ad      0x563 ./Core/Src/system_stm32f3xx.o
 .debug_line    0x00002d10      0xa2d ./Core/Src/usart.o
 .debug_line    0x0000373d       0x7a ./Core/Startup/startup_stm32f303k8tx.o
 .debug_line    0x000037b7      0x7c8 ./Drivers/STM32F3xx_HAL_Driver/Src/stm32f3xx_ll_gpio.o
 .debug_line    0x00003f7f      0x6dd ./Drivers/STM32F3xx_HAL_Driver/Src/stm32f3xx_ll_i2c.o
 .debug_line    0x0000465c      0x985 ./Drivers/STM32F3xx_HAL_Driver/Src/stm32f3xx_ll_rcc.o
 .debug_line    0x00004fe1      0x773 ./Drivers/STM32F3xx_HAL_Driver/Src/stm32f3xx_ll_usart.o
 .debug_line    0x00005754      0x9a3 ./Drivers/STM32F3xx_HAL_Driver/Src/stm32f3xx_ll_utils.o

.debug_str      0x00000000    0x71004
 .debug_str     0x00000000    0x6e183 ./Core/Src/dma.o
                              0x6e3e2 (size before relaxing)
 .debug_str     0x0006e183       0x2c ./Core/Src/gpio.o
                              0x6df6e (size before relaxing)
 .debug_str     0x0006e1af      0x337 ./Core/Src/i2c.o
                              0x6e737 (size before relaxing)
 .debug_str     0x0006e4e6      0x1dc ./Core/Src/main.o
                              0x6e605 (size before relaxing)
 .debug_str     0x0006e6c2      0x114 ./Core/Src/stm32f3xx_it.o
                              0x6dfc7 (size before relaxing)
 .debug_str     0x0006e7d6       0x7b ./Core/Src/system_stm32f3xx.o
                              0x65713 (size before relaxing)
 .debug_str     0x0006e851      0x35e ./Core/Src/usart.o
                              0x6e860 (size before relaxing)
 .debug_str     0x0006ebaf       0x44 ./Core/Startup/startup_stm32f303k8tx.o
                                 0x75 (size before relaxing)
 .debug_str     0x0006ebf3      0x653 ./Drivers/STM32F3xx_HAL_Driver/Src/stm32f3xx_ll_gpio.o
                              0x66a4a (size before relaxing)
 .debug_str     0x0006f246      0x3e1 ./Drivers/STM32F3xx_HAL_Driver/Src/stm32f3xx_ll_i2c.o
                              0x6709a (size before relaxing)
 .debug_str     0x0006f627      0x4f2 ./Drivers/STM32F3xx_HAL_Driver/Src/stm32f3xx_ll_rcc.o
                              0x67eb8 (size before relaxing)
 .debug_str     0x0006fb19      0x850 ./Drivers/STM32F3xx_HAL_Driver/Src/stm32f3xx_ll_usart.o
                              0x699b6 (size before relaxing)
 .debug_str     0x00070369      0xc9b ./Drivers/STM32F3xx_HAL_Driver/Src/stm32f3xx_ll_utils.o
                              0x6a73a (size before relaxing)

.comment        0x00000000       0x43
 .comment       0x00000000       0x43 ./Core/Src/dma.o
                                 0x44 (size before relaxing)
 .comment       0x00000043       0x44 ./Core/Src/gpio.o
 .comment       0x00000043       0x44 ./Core/Src/i2c.o
 .comment       0x00000043       0x44 ./Core/Src/main.o
 .comment       0x00000043       0x44 ./Core/Src/stm32f3xx_it.o
 .comment       0x00000043       0x44 ./Core/Src/system_stm32f3xx.o
 .comment       0x00000043       0x44 ./Core/Src/usart.o
 .comment       0x00000043       0x44 ./Drivers/STM32F3xx_HAL_Driver/Src/stm32f3xx_ll_gpio.o
 .comment       0x00000043       0x44 ./Drivers/STM32F3xx_HAL_Driver/Src/stm32f3xx_ll_i2c.o
 .comment       0x00000043       0x44 ./Drivers/STM32F3xx_HAL_Driver/Src/stm32f3xx_ll_rcc.o
 .comment       0x00000043       0x44 ./Drivers/STM32F3xx_HAL_Driver/Src/stm32f3xx_ll_usart.o
 .comment       0x00000043       0x44 ./Drivers/STM32F3xx_HAL_Driver/Src/stm32f3xx_ll_utils.o

.debug_frame    0x00000000     0x1c10
 .debug_frame   0x00000000       0xec ./Core/Src/dma.o
 .debug_frame   0x000000ec       0x54 ./Core/Src/gpio.o
 .debug_frame   0x00000140      0x39c ./Core/Src/i2c.o
 .debug_frame   0x000004dc      0x2e0 ./Core/Src/main.o
 .debug_frame   0x000007bc      0x188 ./Core/Src/stm32f3xx_it.o
 .debug_frame   0x00000944       0x58 ./Core/Src/system_stm32f3xx.o
 .debug_frame   0x0000099c      0x438 ./Core/Src/usart.o
 .debug_frame   0x00000dd4      0x1c0 ./Drivers/STM32F3xx_HAL_Driver/Src/stm32f3xx_ll_gpio.o
 .debug_frame   0x00000f94      0x238 ./Drivers/STM32F3xx_HAL_Driver/Src/stm32f3xx_ll_i2c.o
 .debug_frame   0x000011cc      0x408 ./Drivers/STM32F3xx_HAL_Driver/Src/stm32f3xx_ll_rcc.o
 .debug_frame   0x000015d4      0x234 ./Drivers/STM32F3xx_HAL_Driver/Src/stm32f3xx_ll_usart.o
 .debug_frame   0x00001808      0x3dc ./Drivers/STM32F3xx_HAL_Driver/Src/stm32f3xx_ll_utils.o
 .debug_frame   0x00001be4       0x2c C:/ST/STM32CubeIDE_1.16.1/STM32CubeIDE/plugins/com.st.stm32cube.ide.mcu.externaltools.gnu-tools-for-stm32.12.3.rel1.win32_1.0.200.202406191623/tools/bin/../lib/gcc/arm-none-eabi/12.3.1/../../../../arm-none-eabi/lib/thumb/v7e-m+fp/hard\libc_nano.a(libc_a-init.o)

.debug_line_str
                0x00000000       0x59
 .debug_line_str
                0x00000000       0x59 ./Core/Startup/startup_stm32f303k8tx.o
